segmentation provider: picsart
storage dir: /Users/ibi/StudioMyStock-NEW2/api/storage
downloading: https://cdn140.picsart.com/13902645939997000779.jpg?type=webp&to=min&r=640
input size: 144,314 bytes

--- background: studio-gray ---
2026-05-14 22:26:00 [info     ] segment.start                  provider=picsart size=(958, 640)
2026-05-14 22:26:08 [info     ] pipeline.done                  timings_ms={'decode': 267, 'segment': 4159, 'refine_mask': 72, 'compose': 1588, 'shadow': 41, 'color_match': 1253, 'encode': 92}
wrote /Users/ibi/StudioMyStock-NEW2/api/storage/smoke/result_studio-gray.jpg  1920x1280
timings_ms: {'decode': 267, 'segment': 4159, 'refine_mask': 72, 'compose': 1588, 'shadow': 41, 'color_match': 1253, 'encode': 92}

--- background: studio-dark ---
2026-05-14 22:26:08 [info     ] segment.start                  provider=picsart size=(958, 640)
2026-05-14 22:26:15 [info     ] pipeline.done                  timings_ms={'decode': 35, 'segment': 4275, 'refine_mask': 65, 'compose': 1393, 'shadow': 35, 'color_match': 1157, 'encode': 113}
wrote /Users/ibi/StudioMyStock-NEW2/api/storage/smoke/result_studio-dark.jpg  1920x1280
timings_ms: {'decode': 35, 'segment': 4275, 'refine_mask': 65, 'compose': 1393, 'shadow': 35, 'color_match': 1157, 'encode': 113}

--- background: sunset-road ---
2026-05-14 22:26:15 [info     ] segment.start                  provider=picsart size=(958, 640)
2026-05-14 22:26:22 [info     ] pipeline.done                  timings_ms={'decode': 35, 'segment': 4301, 'refine_mask': 59, 'compose': 1575, 'shadow': 28, 'color_match': 963, 'encode': 122}
wrote /Users/ibi/StudioMyStock-NEW2/api/storage/smoke/result_sunset-road.jpg  1920x1280
timings_ms: {'decode': 35, 'segment': 4301, 'refine_mask': 59, 'compose': 1575, 'shadow': 28, 'color_match': 963, 'encode': 122}

Done. Inspect /Users/ibi/StudioMyStock-NEW2/api/storage/smoke/
